What's next:
    Try Docker Debug for seamless, persistent debugging tools in any container or image → docker debug kafkacons_ezyaid
    Learn more at https://docs.docker.com/go/debug-cli/
PS D:\MajorProject\EzyAid> docker exec -it kafkacons_ezyaid bash
root@e0bb28c1aa91:/app# python kafkaconsumer.py
Kafka Consumer is running and listening for messages...
Topic: debezium_configs, Partition: 0, Offset: 17
Raw Key: session-key
NEWWWWWWWW Stored in Redis: debezium_configs:session-key

What's next:
    Try Docker Debug for seamless, persistent debugging tools in any container or image → docker debug kafkacons_ezyaid
    Learn more at https://docs.docker.com/go/debug-cli/
PS D:\MajorProject\EzyAid> 
 *  History restored 
PS D:\MajorProject\EzyAid>




PS D:\MajorProject\EzyAid>



PS D:\MajorProject\EzyAid>


PS D:\MajorProject\EzyAid>

PS D:\MajorProject\EzyAid>
PS D:\MajorProject\EzyAid>
PS D:\MajorProject\EzyAid>
PS D:\MajorProject\EzyAid>










PS D:\MajorProject\EzyAid>









PS D:\MajorProject\EzyAid>







PS D:\MajorProject\EzyAid>





PS D:\MajorProject\EzyAid>



PS D:\MajorProject\EzyAid>


PS D:\MajorProject\EzyAid>
PS D:\MajorProject\EzyAid> cd backend
PS D:\MajorProject\EzyAid\backend> ls 


    Directory: 
    D:\MajorProject\EzyAid\backend


Mode                 LastWriteTime Length
  ------------- ------
d-----        31-03-2025     13:36        
d-----        31-03-2025     14:00        


PS D:\MajorProject\EzyAid\backend>        



                                   cd kafkaconsumer
PS D:\MajorProject\EzyAid\backend\kafkaconsumer> docker build -t kafkacons_ezyaid .
[+] Building 0.0s (0/0)  docker:desktop-li[+] Building 0.0s (0/0)  docker:desktop-li[+] Building 0.0s (0/0)  docker:desktop-li[+] Building 0.0s (0/1)  docker:desktop-li[+] Building 0.1s (1/2)  docker:desktop-li[+] Building 0.3s (1/2)  docker:desktop-li[+] Building 0.4s (1/2)  docker:desktop-li[+] Building 0.6s (1/2)  docker:desktop-li[+] Building 0.7s (1/2)  docker:desktop-li[+] Building 0.9s (1/2)  docker:desktop-li[+] Building 1.0s (1/2)  docker:desktop-li[+] Building 1.2s (1/2)  docker:desktop-li[+] Building 1.3s (1/2)  docker:desktop-li[+] Building 1.5s (1/2)  docker:desktop-li[+] Building 1.6s (1/2)  docker:desktop-li[+] Building 1.8s (1/2)  docker:desktop-li[+] Building 1.9s (1/2)  docker:desktop-li[+] Building 2.1s (1/2)  docker:desktop-li[+] Building 2.2s (1/2)  docker:desktop-li[+] Building 2.4s (1/2)  docker:desktop-li[+] Building 2.5s (1/2)  docker:desktop-li[+] Building 2.7s (1/2)  docker:desktop-li[+] Building 2.8s (1/2)  docker:desktop-li[+] Building 3.0s (1/2)  docker:desktop-li[+] Building 3.1s (1/2)  docker:desktop-li[+] Building 3.3s (1/2)  docker:desktop-li[+] Building 3.4s (1/2)  docker:desktop-li[+] Building 3.6s (1/2)  docker:desktop-li[+] Building 3.7s (1/2)  docker:desktop-li[+] Building 3.9s (1/2)  docker:desktop-li[+] Building 3.9s (2/2)  docker:desktop-li[+] Building 4.0s (2/3)  docker:desktop-li[+] Building 4.1s (3/8)  docker:desktop-li[+] Building 4.3s (8/8)  docker:desktop-li[+] Building 4.4s (8/9)  docker:desktop-li[+] Building 4.6s (9/9)  docker:desktop-li[+] Building 4.7s (9/9) FINISHED docker:desktop-linuxlve docker.io/library/py  0.0s 
 => [internal] load build definitio  0.1s
 => => transferring dockerfile 186B  0.0s 
 => [internal] load metadata for do  3.7s 
 => [internal] load .dockerignore    0.1s 
 => => transferring context: 2B      0.1s
 => [internal] load build context    0.1s
 => => transferring context: 1.36kB  0.1s
 => [1/4] FROM docker.io/library/py  0.0s
 => => resolve docker.io/library/py  0.0s 
 => CACHED [2/4] WORKDIR /app        0.0s 
 => CACHED [3/4] RUN pip install ka  0.0s 
 => [4/4] COPY kafkaconsumer.py kaf  0.1s 
 => exporting to image               0.2s 
 => => exporting layers              0.1s 
 => => writing image sha256:25d0bef  0.0s 
 => => naming to docker.io/library/  0.0s 

View build details: docker-desktop://dashboard/build/desktop-linux/desktop-linux/nnesohloux4edas38k6h6q1wy

What's next:
    View a summary of image vulnerabilities and recommendations → docker scout quickview
PS D:\MajorProject\EzyAid\backend\kafkaconsumer> cd ..
PS D:\MajorProject\EzyAid\backend> cd ..
PS D:\MajorProject\EzyAid> docker exec -it redis_ezyaid redis-cli
127.0.0.1:6379> 

What's next:
    Try Docker Debug for seamless, persistent debugging tools in any container or     Learn more at https://docs.docker.com/go/debug-cli/
PS D:\MajorProject\EzyAid>  docker exec -it kafka_ezyaid  bash
I have no name!@24ed7eec632b:/$ redis-cli -h redis
bash: redis-cli: command not found
I have no name!@24ed7eec632b:/$ apt-get update
apt-get install redis-tools
Reading package lists... Done
E: List directory /var/lib/apt/lists/partial is missing. - Acquire (2: No such file or directory)
E: Could not open lock file /var/lib/dpkg/lock-frontend - open (13: Permission denied)
E: Unable to acquire the dpkg frontend lock (/var/lib/dpkg/lock-frontend), are you root?
I have no name!@24ed7eec632b:/$ ^C
I have no name!@24ed7eec632b:/$
What's next:
    Try Docker Debug for seamless, persistent debugging tools in any container or image → docker debug kafka_ezyaid        
    Learn more at https://docs.docker.com/go/debug-cli/
PS D:\MajorProject\EzyAid> docker exec -u root -it kafkacons /bin/bash

What's next:
    Try Docker Debug for seamless, persistent debugging tools in any container or image → docker debug kafkacons
    Learn more at https://docs.docker.com/go/debug-cli/
Error response from daemon: No such container: kafkacons
PS D:\MajorProject\EzyAid> docker exec -u root -it kafkacons /bin/bash

What's next:
    Try Docker Debug for seamless, persistent debugging tools in any container or image → docker debug kafkacons
    Learn more at https://docs.docker.com/go/debug-cli/
Error response from daemon: No such container: kafkacons
PS D:\MajorProject\EzyAid> docker exec -u root -it kafkacons_ezyaid /bin/bash
root@f9edb1baa08b:/app# apt-get update
apt-get install redis-tools
Get:1 http://deb.debian.org/debian bookworm InRelease [151 kB]
Get:2 http://deb.debian.org/debian bookworm-updates InRelease [55.4 kB]
Get:3 http://deb.debian.org/debian-security bookworm-security InRelease [48.0 kB] 
Get:4 http://deb.debian.org/debian bookworm/main amd64 Packages [8792 kB]
Get:5 http://deb.debian.org/debian bookworm-updates/main amd64 Packages [512 B]   
Get:6 http://deb.debian.org/debian-security bookworm-security/main amd64 Packages [260 kB]
Fetched 9307 kB in 6s (1648 kB/s)        
Reading package lists... Done
Reading package lists... Done
Building dependency tree... Done
Reading state information... Done        
The following additional packages will be installed:
  libjemalloc2 liblzf1
Suggested packages:
  ruby-redis
The following NEW packages will be installed:
  libjemalloc2 liblzf1 redis-tools       
0 upgraded, 3 newly installed, 0 to remove and 5 not upgraded.
Need to get 1275 kB of archives.
After this operation, 6909 kB of additional disk space will be used.
Do you want to continue? [Y/n] y
Get:1 http://deb.debian.org/debian bookworm/main amd64 libjemalloc2 amd64 5.3.0-1 [275 kB]
Get:2 http://deb.debian.org/debian bookworm/main amd64 liblzf1 amd64 3.6-3 [10.2 kB]
Get:3 http://deb.debian.org/debian bookworm/main amd64 redis-tools amd64 5:7.0.15-1~deb12u3 [990 kB]
Fetched 1275 kB in 0s (2574 kB/s)        
debconf: delaying package configuration, since apt-utils is not installed
Selecting previously unselected package libjemalloc2:amd64.
(Reading database ... 23967 files and directories currently installed.)
Preparing to unpack .../libjemalloc2_5.3.0-1_amd64.deb ...
Unpacking libjemalloc2:amd64 (5.3.0-1) ...
Selecting previously unselected package liblzf1:amd64.
Preparing to unpack .../liblzf1_3.6-3_amd64.deb ...
Unpacking liblzf1:amd64 (3.6-3) ...
Selecting previously unselected package redis-tools.
Preparing to unpack .../redis-tools_5%3a7.0.15-1~deb12u3_amd64.deb ...
Unpacking redis-tools (5:7.0.15-1~deb12u3) ...
Setting up libjemalloc2:amd64 (5.3.0-1) ...
Setting up liblzf1:amd64 (3.6-3) ...
Setting up redis-tools (5:7.0.15-1~deb12u3) ...
Processing triggers for libc-bin (2.36-9+deb12u10) ...
root@f9edb1baa08b:/app# redis-cli -h redis
Could not connect to Redis at redis:6379: Name or service not known
root@f9edb1baa08b:/app# redis-cli -h redis_ezyaid
redis_ezyaid:6379> keys *;
(empty array)
redis_ezyaid:6379> ping
PONG
redis_ezyaid:6379> select 0
OK
redis_ezyaid:6379> keys *;
(empty array)
redis_ezyaid:6379> set test_key "test_value"
OK
redis_ezyaid:6379> keys *;
(empty array)
redis_ezyaid:6379> set test_key "test_value"
OK
redis_ezyaid:6379> keys *;
(empty array)
redis_ezyaid:6379> select 0
OK
redis_ezyaid:6379> select 1
OK
redis_ezyaid:6379[1]> select 0
OK
redis_ezyaid:6379> keys *;
(empty array)
redis_ezyaid:6379> ttl test_key
(integer) -1
redis_ezyaid:6379>  config get save      
1) "save"
2) "3600 1 300 100 60 10000"
redis_ezyaid:6379> set key1 "value1"     
OK
redis_ezyaid:6379> keys *;
(empty array)
redis_ezyaid:6379> config get dir        
1) "dir"
2) "/data"
redis_ezyaid:6379>  save
OK
redis_ezyaid:6379> keys *;
(empty array)
redis_ezyaid:6379> config get appendonly 
1) "appendonly"
2) "no"
redis_ezyaid:6379> config get appendonly 
1) "appendonly"
2) "no"
redis_ezyaid:6379> keys *;
(empty array)
redis_ezyaid:6379> config set appendonly yes
OK
redis_ezyaid:6379> config set appendfsync everysec
OK
redis_ezyaid:6379>  config get appendonly

1) "appendonly"
2) "yes"
redis_ezyaid:6379> set test_key "test_value"
OK
redis_ezyaid:6379> keys *
  1) "ezyaid.ezyaid.auth_permission:{\"schema\":{\"type\":\"struct\",\"fields\":[{\"type\":\"int32\",\"optional\":false,\"field\":\"id\"}],\"optional\":false,\"name\":\"ezyaid.ezyaid.auth_permission.Key\"},\"payload\":{\"id\":35}}"
  2) "schemeDirectory:21"
  3) "ezyaid.ezyaid.auth_permission:{\"schema\":{\"type\":\"struct\",\"fields\":[{\"type\":\"int32\",\"optional\":false,\"field\":\"id\"}],\"optional\":false,\"name\":\"ezyaid.ezyaid.auth_permission.Key\"},\"payload\":{\"id\":15}}"
  4) "ezyaid.ezyaid.auth_permission:{\"schema\":{\"type\":\"struct\",\"fields\":[{\"type\":\"int32\",\"optional\":false,\"field\":\"id\"}],\"optional\":false,\"name\":\"ezyaid.ezyaid.auth_permission.Key\"},\"payload\":{\"id\":33}}"
  5) "debezium_configs:target-state-mysql-connector"
  6) "schemeDirectory:78"
  7) "debezium_status:status-topic-ezyaid.ezyaid.django_content_type:connector-mysql-connector"
  8) "ezyaid.ezyaid.auth_permission:{\"schema\":{\"type\":\"struct\",\"fields\":[{\"type\":\"int32\",\"optional\":false,\"field\":\"id\"}],\"optional\":false,\"name\":\"ezyaid.ezyaid.auth_permission.Key\"},\"payload\":{\"id\":10}}"
  9) "schemeDirectory:23"
 10) "schemeDirectory:25"
 11) "debezium_status:status-topic-ezyaid:connector-mysql-connector"
 12) "schemeDirectory:16"
 13) "debezium_status:status-topic-ezyaid.ezyaid.deptCounts:connector-mysql-connector"
 14) "ezyaid:ezyaid"
 15) "ezyaid.ezyaid.auth_permission:{\"schema\":{\"type\":\"struct\",\"fields\":[{\"type\":\"int32\",\"optional\":false,\"field\":\"id\"}],\"optional\":false,\"name\":\"ezyaid.ezyaid.auth_permission.Key\"},\"payload\":{\"id\":12}}"
 16) "ezyaid.ezyaid.auth_permission:{\"schema\":{\"type\":\"struct\",\"fields\":[{\"type\":\"int32\",\"optional\":false,\"field\":\"id\"}],\"optional\":false,\"name\":\"ezyaid.ezyaid.auth_permission.Key\"},\"payload\":{\"id\":11}}"
 17) "debezium_status:status-task-mysql-connector-0"
 18) "schemeDirectory:71"
 19) "schemeDirectory:31"
 20) "schemeDirectory:61"
 21) "ezyaid.ezyaid.django_content_type:{\"schema\":{\"type\":\"struct\",\"fields\":[{\"type\":\"int32\",\"optional\":false,\"field\":\"id\"}],\"optional\":false,\"name\":\"ezyaid.ezyaid.django_content_type.Key\"},\"payload\":{\"id\":3}}"        
 22) "schemeDirectory:30"
 23) "schemeDirectory:67"
 24) "schemeDirectory:1"
 25) "ezyaid.ezyaid.django_content_type:{\"schema\":{\"type\":\"struct\",\"fields\":[{\"type\":\"int32\",\"optional\":false,\"field\":\"id\"}],\"optional\":false,\"name\":\"ezyaid.ezyaid.django_content_type.Key\"},\"payload\":{\"id\":5}}"        
 26) "debezium_configs:commit-mysql-connector"
 27) "ezyaid.ezyaid.auth_permission:{\"schema\":{\"type\":\"struct\",\"fields\":[{\"type\":\"int32\",\"optional\":false,\"field\":\"id\"}],\"optional\":false,\"name\":\"ezyaid.ezyaid.auth_permission.Key\"},\"payload\":{\"id\":21}}"
 28) "ezyaid.ezyaid.auth_permission:{\"schema\":{\"type\":\"struct\",\"fields\":[{\"type\":\"int32\",\"optional\":false,\"field\":\"id\"}],\"optional\":false,\"name\":\"ezyaid.ezyaid.auth_permission.Key\"},\"payload\":{\"id\":31}}"
 29) "schemeDirectory:66"
 30) "schemeDirectory:29"
 31) "schemeDirectory:46"
 32) "schemeDirectory:62"
 33) "ezyaid.ezyaid.auth_permission:{\"schema\":{\"type\":\"struct\",\"fields\":[{\"type\":\"int32\",\"optional\":false,\"field\":\"id\"}],\"optional\":false,\"name\":\"ezyaid.ezyaid.auth_permission.Key\"},\"payload\":{\"id\":5}}"
 34) "schemeDirectory:4"
 35) "schemeDirectory:76"
 36) "schemeDirectory:22"
 37) "schemeDirectory:13"
 38) "schemeDirectory:39"
 39) "schemeDirectory:11"
 40) "ezyaid.ezyaid.django_migrations:{\"schema\":{\"type\":\"struct\",\"fields\":[{\"type\":\"int64\",\"optional\":false,\"field\":\"id\"}],\"optional\":false,\"name\":\"ezyaid.ezyaid.django_migrations.Key\"},\"payload\":{\"id\":18}}"
 41) "ezyaid.ezyaid.django_content_type:{\"schema\":{\"type\":\"struct\",\"fields\":[{\"type\":\"int32\",\"optional\":false,\"field\":\"id\"}],\"optional\":false,\"name\":\"ezyaid.ezyaid.django_content_type.Key\"},\"payload\":{\"id\":9}}"        
 42) "schemeDirectory:34"
 43) "schemeDirectory:8"
 44) "ezyaid.ezyaid.django_content_type:{\"schema\":{\"type\":\"struct\",\"fields\":[{\"type\":\"int32\",\"optional\":false,\"field\":\"id\"}],\"optional\":false,\"name\":\"ezyaid.ezyaid.django_content_type.Key\"},\"payload\":{\"id\":2}}"        
 45) "ezyaid.ezyaid.django_migrations:{\"schema\":{\"type\":\"struct\",\"fields\":[{\"type\":\"int64\",\"optional\":false,\"field\":\"id\"}],\"optional\":false,\"name\":\"ezyaid.ezyaid.django_migrations.Key\"},\"payload\":{\"id\":13}}"
 46) "ezyaid.ezyaid.auth_permission:{\"schema\":{\"type\":\"struct\",\"fields\":[{\"type\":\"int32\",\"optional\":false,\"field\":\"id\"}],\"optional\":false,\"name\":\"ezyaid.ezyaid.auth_permission.Key\"},\"payload\":{\"id\":29}}"
 47) "schemeDirectory:50"
 48) "ezyaid.ezyaid.django_migrations:{\"schema\":{\"type\":\"struct\",\"fields\":[{\"type\":\"int64\",\"optional\":false,\"field\":\"id\"}],\"optional\":false,\"name\":\"ezyaid.ezyaid.django_migrations.Key\"},\"payload\":{\"id\":5}}"
 49) "schemeDirectory:44"
 50) "schemeDirectory:14"
 51) "schemeDirectory:40"
 52) "schemeDirectory:63"
 53) "debezium_offsets:[\"mysql-connector\",{\"server\":\"ezyaid\"}]"
 54) "schemeDirectory:9"
 55) "ezyaid.ezyaid.auth_permission:{\"schema\":{\"type\":\"struct\",\"fields\":[{\"type\":\"int32\",\"optional\":false,\"field\":\"id\"}],\"optional\":false,\"name\":\"ezyaid.ezyaid.auth_permission.Key\"},\"payload\":{\"id\":14}}"
 56) "ezyaid.ezyaid.django_migrations:{\"schema\":{\"type\":\"struct\",\"fields\":[{\"type\":\"int64\",\"optional\":false,\"field\":\"id\"}],\"optional\":false,\"name\":\"ezyaid.ezyaid.django_migrations.Key\"},\"payload\":{\"id\":6}}"
 57) "schemeDirectory:19"
 58) "schemeDirectory:15"
 59) "schemeDirectory:72"
 60) "schemeDirectory:10"
 61) "ezyaid.ezyaid.django_migrations:{\"schema\":{\"type\":\"struct\",\"fields\":[{\"type\":\"int64\",\"optional\":false,\"field\":\"id\"}],\"optional\":false,\"name\":\"ezyaid.ezyaid.django_migrations.Key\"},\"payload\":{\"id\":10}}"
 62) "schemeDirectory:43"
 63) "schemeDirectory:100"
 64) "ezyaid.ezyaid.django_migrations:{\"schema\":{\"type\":\"struct\",\"fields\":[{\"type\":\"int64\",\"optional\":false,\"field\":\"id\"}],\"optional\":false,\"name\":\"ezyaid.ezyaid.django_migrations.Key\"},\"payload\":{\"id\":15}}"
 65) "schemeDirectory:57"
 66) "schemeDirectory:33"
 67) "ezyaid.ezyaid.django_content_type:{\"schema\":{\"type\":\"struct\",\"fields\":[{\"type\":\"int32\",\"optional\":false,\"field\":\"id\"}],\"optional\":false,\"name\":\"ezyaid.ezyaid.django_content_type.Key\"},\"payload\":{\"id\":8}}"        
 68) "ezyaid.ezyaid.auth_permission:{\"schema\":{\"type\":\"struct\",\"fields\":[{\"type\":\"int32\",\"optional\":false,\"field\":\"id\"}],\"optional\":false,\"name\":\"ezyaid.ezyaid.auth_permission.Key\"},\"payload\":{\"id\":13}}"
 69) "schemeDirectory:3"
 70) "ezyaid.ezyaid.auth_permission:{\"schema\":{\"type\":\"struct\",\"fields\":[{\"type\":\"int32\",\"optional\":false,\"field\":\"id\"}],\"optional\":false,\"name\":\"ezyaid.ezyaid.auth_permission.Key\"},\"payload\":{\"id\":27}}"
 71) "schemeDirectory:74"
 72) "schema-changes.ezyaid:update eligibilty criteria for Shaadi Mumbarak Scheme"
 73) "schemeDirectory:38"
 74) "debezium_status:status-topic-ezyaid.ezyaid.auth_permission:connector-mysql-connector"
 75) "ezyaid.ezyaid.auth_permission:{\"schema\":{\"type\":\"struct\",\"fields\":[{\"type\":\"int32\",\"optional\":false,\"field\":\"id\"}],\"optional\":false,\"name\":\"ezyaid.ezyaid.auth_permission.Key\"},\"payload\":{\"id\":6}}"
 76) "schemeDirectory:28"
 77) "schemeDirectory:58"
 78) "schemeDirectory:6"
 79) "ezyaid.ezyaid.django_content_type:{\"schema\":{\"type\":\"struct\",\"fields\":[{\"type\":\"int32\",\"optional\":false,\"field\":\"id\"}],\"optional\":false,\"name\":\"ezyaid.ezyaid.django_content_type.Key\"},\"payload\":{\"id\":1}}"        
 80) "ezyaid.ezyaid.auth_permission:{\"schema\":{\"type\":\"struct\",\"fields\":[{\"type\":\"int32\",\"optional\":false,\"field\":\"id\"}],\"optional\":false,\"name\":\"ezyaid.ezyaid.auth_permission.Key\"},\"payload\":{\"id\":2}}"
 81) "ezyaid.ezyaid.auth_permission:{\"schema\":{\"type\":\"struct\",\"fields\":[{\"type\":\"int32\",\"optional\":false,\"field\":\"id\"}],\"optional\":false,\"name\":\"ezyaid.ezyaid.auth_permission.Key\"},\"payload\":{\"id\":9}}"
 82) "schemeDirectory:65"
 83) "ezyaid.ezyaid.auth_permission:{\"schema\":{\"type\":\"struct\",\"fields\":[{\"type\":\"int32\",\"optional\":false,\"field\":\"id\"}],\"optional\":false,\"name\":\"ezyaid.ezyaid.auth_permission.Key\"},\"payload\":{\"id\":4}}"
 84) "ezyaid.ezyaid.auth_permission:{\"schema\":{\"type\":\"struct\",\"fields\":[{\"type\":\"int32\",\"optional\":false,\"field\":\"id\"}],\"optional\":false,\"name\":\"ezyaid.ezyaid.auth_permission.Key\"},\"payload\":{\"id\":3}}"
 85) "ezyaid.ezyaid.auth_permission:{\"schema\":{\"type\":\"struct\",\"fields\":[{\"type\":\"int32\",\"optional\":false,\"field\":\"id\"}],\"optional\":false,\"name\":\"ezyaid.ezyaid.auth_permission.Key\"},\"payload\":{\"id\":26}}"
 86) "ezyaid.ezyaid.auth_permission:{\"schema\":{\"type\":\"struct\",\"fields\":[{\"type\":\"int32\",\"optional\":false,\"field\":\"id\"}],\"optional\":false,\"name\":\"ezyaid.ezyaid.auth_permission.Key\"},\"payload\":{\"id\":7}}"
 87) "ezyaid.ezyaid.auth_permission:{\"schema\":{\"type\":\"struct\",\"fields\":[{\"type\":\"int32\",\"optional\":false,\"field\":\"id\"}],\"optional\":false,\"name\":\"ezyaid.ezyaid.auth_permission.Key\"},\"payload\":{\"id\":22}}"
 88) "schemeDirectory:45"
 89) "schemeDirectory:105"
 90) "ezyaid.ezyaid.auth_permission:{\"schema\":{\"type\":\"struct\",\"fields\":[{\"type\":\"int32\",\"optional\":false,\"field\":\"id\"}],\"optional\":false,\"name\":\"ezyaid.ezyaid.auth_permission.Key\"},\"payload\":{\"id\":20}}"
 91) "ezyaid.ezyaid.django_migrations:{\"schema\":{\"type\":\"struct\",\"fields\":[{\"type\":\"int64\",\"optional\":false,\"field\":\"id\"}],\"optional\":false,\"name\":\"ezyaid.ezyaid.django_migrations.Key\"},\"payload\":{\"id\":12}}"
 92) "ezyaid.ezyaid.schemeDirectory:100" 
 93) "ezyaid.ezyaid.schemeDirectory:106" 
 94) "ezyaid.ezyaid.auth_permission:{\"schema\":{\"type\":\"struct\",\"fields\":[{\"type\":\"int32\",\"optional\":false,\"field\":\"id\"}],\"optional\":false,\"name\":\"ezyaid.ezyaid.auth_permission.Key\"},\"payload\":{\"id\":28}}"
 95) "schemeDirectory:27"
 96) "schemeDirectory:18"
 97) "schemeDirectory:41"
 98) "schemeDirectory:64"
 99) "schemeDirectory:5"
100) "ezyaid.ezyaid.auth_permission:{\"schema\":{\"type\":\"struct\",\"fields\":[{\"type\":\"int32\",\"optional\":false,\"field\":\"id\"}],\"optional\":false,\"name\":\"ezyaid.ezyaid.auth_permission.Key\"},\"payload\":{\"id\":16}}"
101) "ezyaid.ezyaid.auth_permission:{\"schema\":{\"type\":\"struct\",\"fields\":[{\"type\":\"int32\",\"optional\":false,\"field\":\"id\"}],\"optional\":false,\"name\":\"ezyaid.ezyaid.auth_permission.Key\"},\"payload\":{\"id\":32}}"
102) "schemeDirectory:36"
103) "ezyaid.ezyaid.django_migrations:{\"schema\":{\"type\":\"struct\",\"fields\":[{\"type\":\"int64\",\"optional\":false,\"field\":\"id\"}],\"optional\":false,\"name\":\"ezyaid.ezyaid.django_migrations.Key\"},\"payload\":{\"id\":8}}"
104) "test_key"
105) "schemeDirectory:56"
106) "schemeDirectory:70"
107) "ezyaid.ezyaid.auth_permission:{\"schema\":{\"type\":\"struct\",\"fields\":[{\"type\":\"int32\",\"optional\":false,\"field\":\"id\"}],\"optional\":false,\"name\":\"ezyaid.ezyaid.auth_permission.Key\"},\"payload\":{\"id\":8}}"
108) "schemeDirectory:2"
109) "key1"
110) "debezium_configs:connector-mysql-connector"
111) "schemeDirectory:73"
112) "debezium_configs:task-mysql-connector-0"
113) "debezium_status:status-topic-ezyaid.ezyaid.applicantCounts:connector-mysql-connector"
114) "schemeDirectory:75"
115) "schemeDirectory:60"
116) "ezyaid.ezyaid.django_migrations:{\"schema\":{\"type\":\"struct\",\"fields\":[{\"type\":\"int64\",\"optional\":false,\"field\":\"id\"}],\"optional\":false,\"name\":\"ezyaid.ezyaid.django_migrations.Key\"},\"payload\":{\"id\":19}}"
117) "ezyaid.ezyaid.django_migrations:{\"schema\":{\"type\":\"struct\",\"fields\":[{\"type\":\"int64\",\"optional\":false,\"field\":\"id\"}],\"optional\":false,\"name\":\"ezyaid.ezyaid.django_migrations.Key\"},\"payload\":{\"id\":14}}"
118) "debezium_status:status-topic-ezyaid.ezyaid.django_migrations:connector-mysql-connector"
119) "ezyaid.ezyaid.auth_permission:{\"schema\":{\"type\":\"struct\",\"fields\":[{\"type\":\"int32\",\"optional\":false,\"field\":\"id\"}],\"optional\":false,\"name\":\"ezyaid.ezyaid.auth_permission.Key\"},\"payload\":{\"id\":30}}"
120) "schemeDirectory:102"
121) "ezyaid.ezyaid.django_migrations:{\"schema\":{\"type\":\"struct\",\"fields\":[{\"type\":\"int64\",\"optional\":false,\"field\":\"id\"}],\"optional\":false,\"name\":\"ezyaid.ezyaid.django_migrations.Key\"},\"payload\":{\"id\":3}}"
122) "ezyaid.ezyaid.django_migrations:{\"schema\":{\"type\":\"struct\",\"fields\":[{\"type\":\"int64\",\"optional\":false,\"field\":\"id\"}],\"optional\":false,\"name\":\"ezyaid.ezyaid.django_migrations.Key\"},\"payload\":{\"id\":4}}"
123) "schemeDirectory:20"
124) "schemeDirectory:48"
125) "schemeDirectory:51"
126) "schemeDirectory:69"
127) "ezyaid.ezyaid.auth_permission:{\"schema\":{\"type\":\"struct\",\"fields\":[{\"type\":\"int32\",\"optional\":false,\"field\":\"id\"}],\"optional\":false,\"name\":\"ezyaid.ezyaid.auth_permission.Key\"},\"payload\":{\"id\":36}}"
128) "ezyaid.ezyaid.django_migrations:{\"schema\":{\"type\":\"struct\",\"fields\":[{\"type\":\"int64\",\"optional\":false,\"field\":\"id\"}],\"optional\":false,\"name\":\"ezyaid.ezyaid.django_migrations.Key\"},\"payload\":{\"id\":17}}"
129) "ezyaid.ezyaid.auth_permission:{\"schema\":{\"type\":\"struct\",\"fields\":[{\"type\":\"int32\",\"optional\":false,\"field\":\"id\"}],\"optional\":false,\"name\":\"ezyaid.ezyaid.auth_permission.Key\"},\"payload\":{\"id\":23}}"
130) "ezyaid.ezyaid.schemeDirectory:105" 
131) "schemeDirectory:53"
132) "schemeDirectory:17"
133) "ezyaid.ezyaid.django_migrations:{\"schema\":{\"type\":\"struct\",\"fields\":[{\"type\":\"int64\",\"optional\":false,\"field\":\"id\"}],\"optional\":false,\"name\":\"ezyaid.ezyaid.django_migrations.Key\"},\"payload\":{\"id\":16}}"
134) "ezyaid.ezyaid.auth_permission:{\"schema\":{\"type\":\"struct\",\"fields\":[{\"type\":\"int32\",\"optional\":false,\"field\":\"id\"}],\"optional\":false,\"name\":\"ezyaid.ezyaid.auth_permission.Key\"},\"payload\":{\"id\":18}}"
135) "ezyaid.ezyaid.django_content_type:{\"schema\":{\"type\":\"struct\",\"fields\":[{\"type\":\"int32\",\"optional\":false,\"field\":\"id\"}],\"optional\":false,\"name\":\"ezyaid.ezyaid.django_content_type.Key\"},\"payload\":{\"id\":4}}"        
136) "ezyaid:{\"schema\":{\"type\":\"struct\",\"fields\":[{\"type\":\"string\",\"optional\":false,\"field\":\"databaseName\"}],\"optional\":false,\"name\":\"io.debezium.connector.mysql.SchemaChangeKey\",\"version\":1},\"payload\":{\"databaseName\":\"\"}}"
137) "debezium_status:status-topic-ezyaid.ezyaid.schemeDirectory:connector-mysql-connector"
138) "schemeDirectory:32"
139) "schemeDirectory:68"
140) "ezyaid.ezyaid.django_content_type:{\"schema\":{\"type\":\"struct\",\"fields\":[{\"type\":\"int32\",\"optional\":false,\"field\":\"id\"}],\"optional\":false,\"name\":\"ezyaid.ezyaid.django_content_type.Key\"},\"payload\":{\"id\":7}}"        
141) "ezyaid.ezyaid.auth_permission:{\"schema\":{\"type\":\"struct\",\"fields\":[{\"type\":\"int32\",\"optional\":false,\"field\":\"id\"}],\"optional\":false,\"name\":\"ezyaid.ezyaid.auth_permission.Key\"},\"payload\":{\"id\":25}}"
142) "schemeDirectory:37"
143) "schemeDirectory:101"
144) "ezyaid.ezyaid.django_migrations:{\"schema\":{\"type\":\"struct\",\"fields\":[{\"type\":\"int64\",\"optional\":false,\"field\":\"id\"}],\"optional\":false,\"name\":\"ezyaid.ezyaid.django_migrations.Key\"},\"payload\":{\"id\":11}}"
145) "ezyaid:{\"schema\":{\"type\":\"struct\",\"fields\":[{\"type\":\"string\",\"optional\":false,\"field\":\"databaseName\"}],\"optional\":false,\"name\":\"io.debezium.connector.mysql.SchemaChangeKey\",\"version\":1},\"payload\":{\"databaseName\":\"ezyaid\"}}"
146) "schemeDirectory:42"
147) "ezyaid.ezyaid.auth_permission:{\"schema\":{\"type\":\"struct\",\"fields\":[{\"type\":\"int32\",\"optional\":false,\"field\":\"id\"}],\"optional\":false,\"name\":\"ezyaid.ezyaid.auth_permission.Key\"},\"payload\":{\"id\":1}}"
148) "schemeDirectory:49"
149) "schemeDirectory:59"
150) "schemeDirectory:7"
151) "schemeDirectory:26"
152) "ezyaid.ezyaid.auth_permission:{\"schema\":{\"type\":\"struct\",\"fields\":[{\"type\":\"int32\",\"optional\":false,\"field\":\"id\"}],\"optional\":false,\"name\":\"ezyaid.ezyaid.auth_permission.Key\"},\"payload\":{\"id\":17}}"
153) "schemeDirectory:54"
154) "ezyaid.ezyaid.django_migrations:{\"schema\":{\"type\":\"struct\",\"fields\":[{\"type\":\"int64\",\"optional\":false,\"field\":\"id\"}],\"optional\":false,\"name\":\"ezyaid.ezyaid.django_migrations.Key\"},\"payload\":{\"id\":7}}"
155) "schemeDirectory:35"
156) "debezium_status:status-topic-ezyaid.ezyaid.yearCounts:connector-mysql-connector"
157) "schemeDirectory:12"
158) "debezium_configs:session-key"      
159) "ezyaid.ezyaid.django_migrations:{\"schema\":{\"type\":\"struct\",\"fields\":[{\"type\":\"int64\",\"optional\":false,\"field\":\"id\"}],\"optional\":false,\"name\":\"ezyaid.ezyaid.django_migrations.Key\"},\"payload\":{\"id\":2}}"
160) "schemeDirectory:77"
161) "schemeDirectory:47"
162) "debezium_status:status-connector-mysql-connector"
163) "ezyaid.ezyaid.django_content_type:{\"schema\":{\"type\":\"struct\",\"fields\":[{\"type\":\"int32\",\"optional\":false,\"field\":\"id\"}],\"optional\":false,\"name\":\"ezyaid.ezyaid.django_content_type.Key\"},\"payload\":{\"id\":6}}"        
164) "ezyaid.ezyaid.auth_permission:{\"schema\":{\"type\":\"struct\",\"fields\":[{\"type\":\"int32\",\"optional\":false,\"field\":\"id\"}],\"optional\":false,\"name\":\"ezyaid.ezyaid.auth_permission.Key\"},\"payload\":{\"id\":19}}"
165) "ezyaid.ezyaid.django_migrations:{\"schema\":{\"type\":\"struct\",\"fields\":[{\"type\":\"int64\",\"optional\":false,\"field\":\"id\"}],\"optional\":false,\"name\":\"ezyaid.ezyaid.django_migrations.Key\"},\"payload\":{\"id\":9}}"
166) "ezyaid.ezyaid.auth_permission:{\"schema\":{\"type\":\"struct\",\"fields\":[{\"type\":\"int32\",\"optional\":false,\"field\":\"id\"}],\"optional\":false,\"name\":\"ezyaid.ezyaid.auth_permission.Key\"},\"payload\":{\"id\":24}}"
167) "schemeDirectory:55"
168) "schemeDirectory:106"
169) "schemeDirectory:24"
170) "schemeDirectory:52"
171) "ezyaid.ezyaid.django_migrations:{\"schema\":{\"type\":\"struct\",\"fields\":[{\"type\":\"int64\",\"optional\":false,\"field\":\"id\"}],\"optional\":false,\"name\":\"ezyaid.ezyaid.django_migrations.Key\"},\"payload\":{\"id\":1}}"
172) "ezyaid.ezyaid.auth_permission:{\"schema\":{\"type\":\"struct\",\"fields\":[{\"type\":\"int32\",\"optional\":false,\"field\":\"id\"}],\"optional\":false,\"name\":\"ezyaid.ezyaid.auth_permission.Key\"},\"payload\":{\"id\":34}}"
redis_ezyaid:6379>  GET 171
(nil)
redis_ezyaid:6379>  GET 172
(nil)
redis_ezyaid:6379>  GET 170
(nil)
redis_ezyaid:6379>  HGETALL 171
(empty array)
redis_ezyaid:6379> EXISTS 171
(integer) 0
redis_ezyaid:6379> get schemeDirectory:42

(error) WRONGTYPE Operation against a key holding the wrong kind of value
redis_ezyaid:6379> hgetall schemeDirectory:42
 1) "exclusions"
 2) "Up to maximum of \xc3\xa2\xe2\x80\x9a\xc2\xb9 15,000,00 /-per idea shall be provided to HI for developing and nurturing the ideas.\nUp to \xc3\xa2\xe2\x80\x9a\xc2\xb9 1,00,000,00 /- (max) shall be provided to HI for procurement and installation of relevant plant and machines including hardware and software etc. in BI for R&D activities and common facilities for incubatees of BI."
 3) "implementing_agency"
 4) "0"
 5) "subcategory"
 6) "Setting up / start-up / entrepreneurship"
 7) "id"
 8) "42"
 9) "application_process"
10) "Institutions such as Technical Colleges, Universities, other Professional Colleges/Institutes, R&D Institutes, NGOs involved in incubation activities, MSME-DIs/ Technology Centres or any Institute/Organization of Central/State Government."  
11) "category"
12) "Business & Entrepreneurship"        
13) "scheme_name"
14) "Incubation Scheme"
15) "eligibility_criteria"
16) "0"
17) "benefits"
18) "Guidelines: https://my.msme.gov.in/inc/AboutIncubation.aspx\nFAQs: https://innovative.msme.gov.in/Documents/MSME_InnovativeFAQ.pdf\nUser Manual: https://my.msme.gov.in/inc/Download_Documents.aspx\nList Of Host Institute (HI): https://my.msme.gov.in/inc/HIList.aspx"
19) "tags"
20) "Business & Entreurprneurship, Capital Support, Financial Support, Plant And Machinery"
21) "state"
22) "0"
23) "open_date"
24) "0"
25) "brief_description"
26) "Incubation Scheme aims to promote and support untapped creativity and to promote adoption of latest technologies in MSMEs that seek the validation of their ideas at the proof-of-concept level."       
27) "documents_required"
licking on Apply for HI/BI Approval\nbutton. After clicking on button Apply button will be dislicking on Apply for HI/BI Approval\nbutton. After clicking on button Apply button will be displayed.\nStep 02:\nAfter click on Apply button, HI/BI application window will be display, fill all the detail and click on Final Submit\nbutton."
29) "detailed_description"
30) "Launched by the Ministry of Micro, Small & Medium Enterprises , Incubation Scheme Under MSME Innovative Scheme aims to promote and support untapped creativity and to promote adoption of latest technologies in MSMEs that seek the validation of their ideas at the proof-of-concept level. The scheme also supports engagement with enablers who will advise such MSMEs in expanding the business by supporting them in design, strategy and execution.\nActivities:\nRecognition of eligible institutions as Host Institute (HI) to act as Business Incubator (BI);\nApproval of Ideas of Incubatees submitted through Host Institute (HI);\nAssistance for nurturing of Ideas to HI;\nAssistance towards Capital Support to HI for Plant and Machiner."
redis_ezyaid:6379>












