PS D:\MajorProject\EzyAid> docker ps
CONTAINER ID   IMAGE                          COMMAND                  CREATED       STATUS                                  PORTS                                            NAMES
b19523b1c2b8   kafkacons_ezyaid:latest        "python kafkaconsume…"   2 hours ago   Up 2 hours                                                                               kafkacons_ezyaid
951a45f40acf   debezium/connect:2.7.3.Final   "/docker-entrypoint.…"   2 hours ago   Restarting (2) Less than a second ago                                                    debezium_ezyaid
cfbcbac81344   bitnami/kafka:latest           "/opt/bitnami/script…"   2 hours ago   Up About an hour                        0.0.0.0:9092->9092/tcp, 0.0.0.0:9094->9094/tcp   kafka_ezyaid
cf6d1e8ef5c4   bitnami/spark:latest           "/opt/bitnami/script…"   2 hours ago   Up 2 hours                              0.0.0.0:7077->7077/tcp, 0.0.0.0:8080->8080/tcp   spark_ezyaid
df37a8981d97   redis:latest                   "docker-entrypoint.s…"   2 hours ago   Up 2 hours                              0.0.0.0:6379->6379/tcp                           redis_ezyaid
048f80036ecc   mysql:latest                   "docker-entrypoint.s…"   2 hours ago   Up 2 hours                              33060/tcp, 0.0.0.0:3333->3306/tcp                mysql_ezyaid
PS D:\MajorProject\EzyAid> docker ps       
CONTAINER ID   IMAGE                          COMMAND                  CREATED       STATUS             PORTS                                            NAMES
b19523b1c2b8   kafkacons_ezyaid:latest        "python kafkaconsume…"   2 hours ago   Up 2 hours                                                          kafkacons_ezyaid
951a45f40acf   debezium/connect:2.7.3.Final   "/docker-entrypoint.…"   2 hours ago   Up 1 second        8778/tcp, 0.0.0.0:8083->8083/tcp, 9092/tcp       debezium_ezyaid
3e6cda2d381d   django_ezyaid:latest           "python manage.py ru…"   2 hours ago   Up 57 seconds      0.0.0.0:8000->8000/tcp                           django_ezyaid
cfbcbac81344   bitnami/kafka:latest           "/opt/bitnami/script…"   2 hours ago   Up About an hour   0.0.0.0:9092->9092/tcp, 0.0.0.0:9094->9094/tcp   kafka_ezyaid
cf6d1e8ef5c4   bitnami/spark:latest           "/opt/bitnami/script…"   2 hours ago   Up 2 hours         0.0.0.0:7077->7077/tcp, 0.0.0.0:8080->8080/tcp   spark_ezyaid
df37a8981d97   redis:latest                   "docker-entrypoint.s…"   2 hours ago   Up 2 hours         0.0.0.0:6379->6379/tcp                           redis_ezyaid
048f80036ecc   mysql:latest                   "docker-entrypoint.s…"   2 hours ago   Up 2 hours         33060/tcp, 0.0.0.0:3333->3306/tcp                mysql_ezyaid
PS D:\MajorProject\EzyAid> docker exec -it 3e6cda2d381d bash
root@3e6cda2d381d:/app# python manage.py migrate
Traceback (most recent call last):
  File "/usr/local/lib/python3.11/site-packages/django/db/backends/mysql/base.py", line 16, in <module>
    import MySQLdb as Database
ModuleNotFoundError: No module named 'MySQLdb'

The above exception was the direct cause of the following exception:

Traceback (most recent call last):
  File "/app/manage.py", line 22, in <module>
    main()
  File "/app/manage.py", line 18, in main
    execute_from_command_line(sys.argv)
  File "/usr/local/lib/python3.11/site-packages/django/core/management/__init__.py", line 442, in execute_from_command_line
    utility.execute()
  File "/usr/local/lib/python3.11/site-packages/django/core/management/__init__.py", line 416, in execute
    django.setup()
  File "/usr/local/lib/python3.11/site-packages/django/__init__.py", line 24, in setup
    apps.populate(settings.INSTALLED_APPS)
  File "/usr/local/lib/python3.11/site-packages/django/apps/registry.py", line 116, in populate
    app_config.import_models()
  File "/usr/local/lib/python3.11/site-packages/django/apps/config.py", line 269, in import_models
    self.models_module = import_module(models_module_name)
                         ^^^^^^^^^^^^^^^^^^^^^^^^^^^^^^^^^
  File "/usr/local/lib/python3.11/importlib/__init__.py", line 126, in import_module
    return _bootstrap._gcd_import(name[level:], package, level)
           ^^^^^^^^^^^^^^^^^^^^^^^^^^^^^^^^^^^^^^^^^^^^^^^^^^^^
  File "<frozen importlib._bootstrap>", line 1204, in _gcd_import
  File "<frozen importlib._bootstrap>", line 1176, in _find_and_load
  File "<frozen importlib._bootstrap>", line 1147, in _find_and_load_unlocked
  File "<frozen importlib._bootstrap>", line 690, in _load_unlocked
  File "<frozen importlib._bootstrap_external>", line 940, in exec_module    
  File "<frozen importlib._bootstrap>", line 241, in _call_with_frames_removed
  File "/usr/local/lib/python3.11/site-packages/django/contrib/auth/models.py", line 5, in <module>
    from django.contrib.auth.base_user import AbstractBaseUser, BaseUserManager
  File "/usr/local/lib/python3.11/site-packages/django/contrib/auth/base_user.py", line 40, in <module>
    class AbstractBaseUser(models.Model):
  File "/usr/local/lib/python3.11/site-packages/django/db/models/base.py", line 143, in __new__
    new_class.add_to_class("_meta", Options(meta, app_label))
  File "/usr/local/lib/python3.11/site-packages/django/db/models/base.py", line 371, in add_to_class
    value.contribute_to_class(cls, name)
  File "/usr/local/lib/python3.11/site-packages/django/db/models/options.py", line 231, in contribute_to_class
    self.db_table, connection.ops.max_name_length()
                   ^^^^^^^^^^^^^^
  File "/usr/local/lib/python3.11/site-packages/django/utils/connection.py", line 15, in __getattr__
    return getattr(self._connections[self._alias], item)
                   ~~~~~~~~~~~~~~~~~^^^^^^^^^^^^^
  File "/usr/local/lib/python3.11/site-packages/django/utils/connection.py", line 62, in __getitem__
    conn = self.create_connection(alias)
           ^^^^^^^^^^^^^^^^^^^^^^^^^^^^^
  File "/usr/local/lib/python3.11/site-packages/django/db/utils.py", line 193, in create_connection
    backend = load_backend(db["ENGINE"])
              ^^^^^^^^^^^^^^^^^^^^^^^^^^
  File "/usr/local/lib/python3.11/site-packages/django/db/utils.py", line 113, in load_backend
    return import_module("%s.base" % backend_name)
           ^^^^^^^^^^^^^^^^^^^^^^^^^^^^^^^^^^^^^^^
  File "/usr/local/lib/python3.11/importlib/__init__.py", line 126, in import_module
    return _bootstrap._gcd_import(name[level:], package, level)
           ^^^^^^^^^^^^^^^^^^^^^^^^^^^^^^^^^^^^^^^^^^^^^^^^^^^^
  File "/usr/local/lib/python3.11/site-packages/django/db/backends/mysql/base.py", line 18, in <module>
    raise ImproperlyConfigured(
django.core.exceptions.ImproperlyConfigured: Error loading MySQLdb module.   
root@3e6cda2d381d:/app# ^C
root@3e6cda2d381d:/app# ^C
root@3e6cda2d381d:/app#
What's next:
    Try Docker Debug for seamless, persistent debugging tools in any container or image → docker debug 3e6cda2d381d
    Learn more at https://docs.docker.com/go/debug-cli/
PS D:\MajorProject\EzyAid>











root@3e6cda2d381d:/app# ^C
root@3e6cda2d381d:/app#
What's next:
    Try Docker Debug for seamless, persistent debugging tools in any container or image → docker debug 3e6cda2d381d
    Learn more at https://docs.docker.com/go/debug-cli/
PS D:\MajorProject\EzyAid>









root@3e6cda2d381d:/app# ^C
root@3e6cda2d381d:/app#
What's next:
    Try Docker Debug for seamless, persistent debugging tools in any container or image → docker debug 3e6cda2d381d
    Learn more at https://docs.docker.com/go/debug-cli/
PS D:\MajorProject\EzyAid>







root@3e6cda2d381d:/app# ^C
root@3e6cda2d381d:/app#
What's next:
    Try Docker Debug for seamless, persistent debugging tools in any container or image → docker debug 3e6cda2d381d
    Learn more at https://docs.docker.com/go/debug-cli/
PS D:\MajorProject\EzyAid>

root@3e6cda2d381d:/app# ^C
root@3e6cda2d381d:/app#
What's next:
    Try Docker Debug for seamless, persistent debugging tools in any container or image → docker debug 3e6cda2d381d
root@3e6cda2d381d:/app# ^C
root@3e6cda2d381d:/app#
root@3e6cda2d381d:/app#
What's next:
    Try Docker Debug for seamless, persistent debugging tools in any container or image → docker debug 3e6cda2d381d
    Learn more at https://docs.docker.com/go/debug-cli/
PS D:\MajorProject\EzyAid> docker ps
CONTAINER ID   IMAGE                          COMMAND                  CREATED       STATUS             PORTS                                            NAMES
b19523b1c2b8   kafkacons_ezyaid:latest        "python kafkaconsume…"   2 hours ago   Up 2 hours                                                          kafkacons_ezyaid
951a45f40acf   debezium/connect:2.7.3.Final   "/docker-entrypoint.…"   2 hours ago   Up 2 seconds       8778/tcp, 0.0.0.0:8083->8083/tcp, 9092/tcp       debezium_ezyaid
3e6cda2d381d   django_ezyaid:latest           "python manage.py ru…"   2 hours ago   Up 14 seconds      0.0.0.0:8000->8000/tcp                           django_ezyaid
cfbcbac81344   bitnami/kafka:latest           "/opt/bitnami/script…"   2 hours ago   Up About an hour   0.0.0.0:9092->9092/tcp, 0.0.0.0:9094->9094/tcp   kafka_ezyaid
cf6d1e8ef5c4   bitnami/spark:latest           "/opt/bitnami/script…"   2 hours ago   Up 2 hours         0.0.0.0:7077->7077/tcp, 0.0.0.0:8080->8080/tcp   spark_ezyaid
df37a8981d97   redis:latest                   "docker-entrypoint.s…"   2 hours ago   Up 2 hours         0.0.0.0:6379->6379/tcp                           redis_ezyaid
048f80036ecc   mysql:latest                   "docker-entrypoint.s…"   2 hours ago   Up 2 hours         33060/tcp, 0.0.0.0:3333->3306/tcp                mysql_ezyaid
PS D:\MajorProject\EzyAid> docker exec -it 3e6cda2d381d bash
root@3e6cda2d381d:/app# python manage.py migrate
Operations to perform:
  Apply all migrations: admin, auth, contenttypes, sessions
Running migrations:
  Applying contenttypes.0001_initial... OK
  Applying auth.0001_initial... OK
  Applying admin.0001_initial... OK
  Applying admin.0002_logentry_remove_auto_add... OK
  Applying admin.0003_logentry_add_action_flag_choices... OK
  Applying contenttypes.0002_remove_content_type_name... OK
  Applying auth.0002_alter_permission_name_max_length... OK
  Applying auth.0003_alter_user_email_max_length... OK
  Applying auth.0004_alter_user_username_opts... OK
  Applying auth.0005_alter_user_last_login_null... OK
  Applying auth.0006_require_contenttypes_0002... OK
  Applying auth.0007_alter_validators_add_error_messages... OK
  Applying auth.0008_alter_user_username_max_length... OK
  Applying auth.0009_alter_user_last_name_max_length... OK
  Applying auth.0010_alter_group_name_max_length... OK
  Applying auth.0011_update_proxy_permissions... OK
  Applying auth.0012_alter_user_first_name_max_length... OK
  Applying sessions.0001_initial... OK
root@3e6cda2d381d:/app# python manage.py dbshell
CommandError: You appear not to have the 'mysql' program installed or on your path.
root@3e6cda2d381d:/app# apt update && apt install -y default-mysql-client
Hit:1 http://deb.debian.org/debian bookworm InRelease
Get:2 http://deb.debian.org/debian bookworm-updates InRelease [55.4 kB]
Get:3 http://deb.debian.org/debian-security bookworm-security InRelease [48.0 kB]
Fetched 103 kB in 0s (233 kB/s)
Reading package lists... Done
Building dependency tree... Done
Reading state information... Done
5 packages can be upgraded. Run 'apt list --upgradable' to see them.
Reading package lists... Done
Building dependency tree... Done
Reading state information... Done
The following additional packages will be installed:
  libconfig-inifiles-perl libdbd-mariadb-perl libdbi-perl
  libterm-readkey-perl mariadb-client mariadb-client-core
Suggested packages:
  libclone-perl libmldbm-perl libnet-daemon-perl libsql-statement-perl       
The following NEW packages will be installed:
  default-mysql-client libconfig-inifiles-perl libdbd-mariadb-perl
  libdbi-perl libterm-readkey-perl mariadb-client mariadb-client-core
0 upgraded, 7 newly installed, 0 to remove and 5 not upgraded.
Need to get 4855 kB of archives.
After this operation, 83.1 MB of additional disk space will be used.
Get:1 http://deb.debian.org/debian bookworm/main amd64 libconfig-inifiles-perl all 3.000003-2 [45.9 kB]
Get:2 http://deb.debian.org/debian bookworm/main amd64 mariadb-client-core amd64 1:10.11.11-0+deb12u1 [888 kB]
Get:3 http://deb.debian.org/debian bookworm/main amd64 mariadb-client amd64 1:10.11.11-0+deb12u1 [3027 kB]
Get:4 http://deb.debian.org/debian bookworm/main amd64 default-mysql-client all 1.1.0 [2852 B]
Get:5 http://deb.debian.org/debian bookworm/main amd64 libdbi-perl amd64 1.643-4 [773 kB]
Get:6 http://deb.debian.org/debian bookworm/main amd64 libdbd-mariadb-perl amd64 1.22-1+b1 [93.8 kB]
Get:7 http://deb.debian.org/debian bookworm/main amd64 libterm-readkey-perl amd64 2.38-2+b1 [24.5 kB]
Fetched 4855 kB in 1s (8596 kB/s)
debconf: delaying package configuration, since apt-utils is not installed
Selecting previously unselected package libconfig-inifiles-perl.
(Reading database ... 32940 files and directories currently installed.)      
Preparing to unpack .../0-libconfig-inifiles-perl_3.000003-2_all.deb ...     
Unpacking libconfig-inifiles-perl (3.000003-2) ...                           
Selecting previously unselected package mariadb-client-core.                 
Preparing to unpack .../1-mariadb-client-core_1%3a10.11.11-0+deb12u1_amd64.deb ...                                                                        
Unpacking mariadb-client-core (1:10.11.11-0+deb12u1) ...                     
Selecting previously unselected package mariadb-client.                      
Preparing to unpack .../2-mariadb-client_1%3a10.11.11-0+deb12u1_amd64.deb ...
Unpacking mariadb-client (1:10.11.11-0+deb12u1) ...                          
Selecting previously unselected package default-mysql-client.                
Preparing to unpack .../3-default-mysql-client_1.1.0_all.deb ...             
Unpacking default-mysql-client (1.1.0) ...                                   
Selecting previously unselected package libdbi-perl:amd64.                   
Preparing to unpack .../4-libdbi-perl_1.643-4_amd64.deb ...                  
Unpacking libdbi-perl:amd64 (1.643-4) ...                                    
Selecting previously unselected package libdbd-mariadb-perl.                 
Preparing to unpack .../5-libdbd-mariadb-perl_1.22-1+b1_amd64.deb ...        
Unpacking libdbd-mariadb-perl (1.22-1+b1) ...                                
Selecting previously unselected package libterm-readkey-perl.                
Preparing to unpack .../6-libterm-readkey-perl_2.38-2+b1_amd64.deb ...       
Unpacking libterm-readkey-perl (2.38-2+b1) ...                               
Setting up libconfig-inifiles-perl (3.000003-2) ...                          
Setting up mariadb-client-core (1:10.11.11-0+deb12u1) ...                    
Setting up libterm-readkey-perl (2.38-2+b1) ...                              
Setting up libdbi-perl:amd64 (1.643-4) ...                                   
Setting up mariadb-client (1:10.11.11-0+deb12u1) ...                         
Setting up libdbd-mariadb-perl (1.22-1+b1) ...                               
Setting up default-mysql-client (1.1.0) ...                                  
root@3e6cda2d381d:/app#                                                      
What's next:                                                                 
    Try Docker Debug for seamless, persistent debugging tools in any container or image → docker debug 3e6cda2d381d
    Learn more at https://docs.docker.com/go/debug-cli/
PS D:\MajorProject\EzyAid> docker exec -it 3e6cda2d381d bash
root@3e6cda2d381d:/app# python manage.py dbshell
Reading table information for completion of table and column names
You can turn off this feature to get a quicker startup with -A

Welcome to the MariaDB monitor.  Commands end with ; or \g.
Your MySQL connection id is 65
Server version: 9.2.0 MySQL Community Server - GPL

Copyright (c) 2000, 2018, Oracle, MariaDB Corporation Ab and others.

Type 'help;' or '\h' for help. Type '\c' to clear the current input statement.

MySQL [ezyaid]> select * from departmentCounts;
ERROR 1146 (42S02): Table 'ezyaid.departmentCounts' doesn't exist
MySQL [ezyaid]> show tables;
+----------------------------+
| Tables_in_ezyaid           |
+----------------------------+
| applicantCounts            |
| auth_group                 |
| auth_group_permissions     |
| auth_permission            |
| auth_user                  |
| auth_user_groups           |
| auth_user_user_permissions |
| deptCounts                 |
| django_admin_log           |
| django_content_type        |
| django_migrations          |
| django_session             |
| schemeDirectory            |
| yearCounts                 |
+----------------------------+
14 rows in set (0.004 sec)

MySQL [ezyaid]> select * from deptCounts;
+-------------------------------------------------------------------------------------------------------------------------+-------+
| Department                                                                 
                                             | count |
+-------------------------------------------------------------------------------------------------------------------------+-------+
| Indian Council Of Agricultural Research                                    
                                             |     3 |
| Central/ State Handloom And Handicrafts Development Corporations           
                                             |     1 |
| University Grants Commission (UGC)                                         
                                             |     2 |
| Science And Engineering Research Board, Government Of India                
                                             |     1 |
| Department Of Agriculture And Cooperation In Collaboration With The State Seed Development Corporation (SSDC)           |     1 |
| Forest Department Of The Government Of Telangana                           
                                             |     1 |
| Gram Panchayats (GPs)                                                      
                                             |     1 |
| Regional/ Sub-regional Offices/ Training Centres Of The Board, Coir Board, Kochi                                        |     1 |
| Khadi And Village Industries Commission (KVIC)                             
                                             |     1 |
| Zonal Railways And RPSF                                                    
                                             |     1 |
| Telangana Scheduled Castes Co-Operative Development Corporation Ltd.                                                    |     1 |
| Minorities Welfare Department, Telangana                                   
                                             |     2 |
| Employees State Insurance Corporation                                      
                                             |     1 |
| Ministry Of Housing And Urban Affairs (MoHUA)                              
                                             |     1 |
| Commissionerate Of Women Development & Child Welfare.                      
                                             |     1 |
| Department Of Women Development And Child Welfare, Government Of Telangana                                              |     1 |
| Indian Council Of Medical Research, Government Of India                    
                                             |     1 |
                                             |     1 |
| Post Office Branch Or A Designated Bank                                                                                 |     1 |
| Biotechnology Industry Research Assistance Council                                                                      |     1 |
| Federation Of Indian Chambers Of Commerce & Industry (FICCI), New Delhi                                                 |     1 |
| Regional Cancer Centre                                                                                                  |     1 |
| Common Service Centers                                                                                                  |     1 |
| Backward Classes Welfare Department, Telangana                                                                          |     1 |
| Panchayat Raj And Rural Development Department.                                                                         |     1 |
| Backward Classes Welfare Department, Government Of Telangana                                                            |     1 |
| Health, Medical And Family Welfare Department                                                                           |     1 |
| Indo French Centre For Promotion Of Advanced Research/Centre Franco-Indien Pour La Promotion De La Recherche AvancÃ©e   |     1 |
| Institutions Under The Ministry Of Culture, Government Of India                                                         |     1 |
+-------------------------------------------------------------------------------------------------------------------------+-------+
30 rows in set (0.003 sec)

MySQL [ezyaid]>
