(venv) PS D:\MajorProject\EzyAid> docker exec -it mysql_ezyaid mysql -u root -p
Enter password:
Welcome to the MySQL monitor.  Commands end with ; or \g.
Your MySQL connection id is 9
Server version: 9.2.0 MySQL Community Server - GPL

Copyright (c) 2000, 2025, Oracle and/or its affiliates.

Oracle is a registered trademark of Oracle Corporation and/or its
affiliates. Other names may be trademarks of their respective
owners.

Type 'help;' or '\h' for help. Type '\c' to clear the current input statement. 

mysql> create database ezyaid;
ERROR 1007 (HY000): Can't create database 'ezyaid'; database exists
mysql> use ezyaid;
Database changed
mysql> show tables;
Empty set (0.01 sec)

mysql> create table yearCounts(Year text, count int);
Query OK, 0 rows affected (0.08 sec)

mysql> create table deptCounts(Department text, count int);
Query OK, 0 rows affected (0.08 sec)

mysql> create table applicantCounts(Category text, count int);
Query OK, 0 rows affected (0.04 sec)

mysql> CREATE TABLE schemeDirectory (     id INT AUTO_INCREMENT PRIMARY KEY,       scheme_name TEXT NOT NULL,     open_date TEXT,       state TEXT,     implementing_agency TEXT,     category TEXT,     subcategory TEXT,     tags TEXT,     brief_description TEXT,     detailed_description TEXT,     benefits TEXT,     exclusions TEXT,     eligibility_criteria TEXT,     application_process TEXT,     documents_required TEXT );
Query OK, 0 rows affected (0.09 sec)

mysql> select * from deptCounts;
+-----------------------------------------------------------------------------------------------------------------------+-------+
| Department                                                                                                            | count |
+-----------------------------------------------------------------------------------------------------------------------+-------+
| Indian Council Of Agricultural Research                                                                               |     3 |
| Central/ State Handloom And Handicrafts Development Corporations                                                      |     1 |
| University Grants Commission (UGC)                                                                                    |     2 |
| Science And Engineering Research Board, Government Of India                                                           |     1 |
| Department Of Agriculture And Cooperation In Collaboration With The State Seed Development Corporation (SSDC)         |     1 |
| Forest Department Of The Government Of Telangana                                                                      |     1 |
| Gram Panchayats (GPs)                                                                                                 |     1 |
| Regional/ Sub-regional Offices/ Training Centres Of The Board, Coir Board, Kochi                                      |     1 |
| Khadi And Village Industries Commission (KVIC)                                                                        |     1 |
| Zonal Railways And RPSF                                                                                               |     1 |
| Telangana Scheduled Castes Co-Operative Development Corporation Ltd.                                                  |     1 |
| Minorities Welfare Department, Telangana                                                                              |     2 |
| Employees State Insurance Corporation                                                                                 |     1 |
| Ministry Of Housing And Urban Affairs (MoHUA)                                                                         |     1 |
| Commissionerate Of Women Development & Child Welfare.                                                                 |     1 |
| Department Of Women Development And Child Welfare, Government Of Telangana                                            |     1 |
| Indian Council Of Medical Research, Government Of India                                                               |     1 |
| Banks                                                                                                                 |     1 |
| National Health Authority (NHA)                                                                                       |     1 |
| Post Office Branch Or A Designated Bank                                                                               |     1 |
| Biotechnology Industry Research Assistance Council                                                                    |     1 |
| Federation Of Indian Chambers Of Commerce & Industry (FICCI), New Delhi                                               |     1 |
| Regional Cancer Centre                                                                                                |     1 |
| Common Service Centers                                                                                                |     1 |
| Backward Classes Welfare Department, Telangana                                                                        |     1 |
| Panchayat Raj And Rural Development Department.                                                                       |     1 |
| Backward Classes Welfare Department, Government Of Telangana                                                          |     1 |
| Health, Medical And Family Welfare Department                                                                         |     1 |
| Indo French Centre For Promotion Of Advanced Research/Centre Franco-Indien Pour La Promotion De La Recherche Avancée |     1 |
| Institutions Under The Ministry Of Culture, Government Of India                                                       |     1 |
+-----------------------------------------------------------------------------------------------------------------------+-------+
30 rows in set (0.00 sec)

mysql> select * from applicantCounts;
+----------+-------+
| Category | count |
+----------+-------+
| Student  |     8 |
| Disabled |     4 |
| Child    |     2 |
| Farmer   |     7 |
| Backward |     5 |
| Woman    |     3 |
+----------+-------+
6 rows in set (0.00 sec)

mysql> select * from yearCounts;
+------+-------+
| Year | count |
+------+-------+
| 2022 |     1 |
| 2014 |     3 |
| 2015 |    11 |
| 2006 |     1 |
| NULL |    33 |
| 2019 |     1 |
| 1981 |     1 |
| 2011 |     5 |
| 2008 |     2 |
| 2009 |     2 |
| 2016 |     5 |
| 2018 |     5 |
| 2021 |     2 |
| 2023 |     2 |
| 2007 |     1 |
| 2013 |     2 |
| 2010 |     1 |
+------+-------+
17 rows in set (0.00 sec)


mysql> select * from schemeDirectory limit 1;
+----+----------------+---------------------+-----------+-------------------------------------------------------+------------------------------------------------------------------+-------------------------------------------------------------+-----------------------------------------------------------------------------+-------------------------------------------------------------------------------------------------------------------------------------------------------------------------------------------------------------------------------------------------------------------------------------------------------+----------------------------------------------------------------------------------------------------------------------------------------------------------------------------------------------------------------------------------------------------------------------------------------------------------------------------------------------------------------------------------------------------------------------------------------------------------------------------------------------------------------------------------------------------------------------------------------------------------------------------------------------------------------------------------------------------------------------------------------------------------------------------------------------------------------------------------------------------------------------------------------------------------------------------------------------------------------------------------------------------------------------------------------------------------------------------------------------------------------------------------------------------------------------------------------------------------------------------------------------------------------------------------------------------------------------------------------------------------------------------------------------------------------------------------------------------------------------------------------------------------------------------------------------------------------------------------------------------------------------------------------------------------------------------------------------------------------------------------------------------------------------------------------------------------------------------------------------------------------------------------------------------------------------------------------------------------------------------------------------------------------------------------------------------------------------------------------------------------------------------------------------------------------------------------------------------------------------------------------------------------------------------------------------------------------------------------------------------------------------------------------------------------------------------------------------------------------------------------------------------------------------------------------------------------------------------------------------------------------------------------------------------------------------------------------------------------+-------------------------------------------------------------------------------------------------------------------------------------------------------------------------------------------------------------------------------------------------------------------------------------------------------------------------------------------------------------------------------------------------------------------------------------------------------------------------------------------------------------------------------------------------------------------------------------------------------------------------------------------------------------------------------------------------------------------------------------------------------------------------------------------------------------------------------------------------------------------------------------------------------------------------------------------------------------------------------------------------------------------------------------------------------------------------------------------------------------------------------------------------------------------------------------------------------------------------------------------------+------------------------------------------------------------------------------------------------------------------------------------------------------------------------------------+-----------------------------------------------------------------------------------------------------------------------------------------------------------------------------------------------------------------------------------------------------------------------------------------------------------------------------------------------------------------------------------------------------------------------------------------------------------------------------------------------------------------------------------------------------------------------------------------------------------------------------------------------------------------------------------------------------------------------------------------------------------------------------------------------------------------------------------------------------------------------------------------------------------------------------------------------------+---------------------------------------------------------------------------------------------------------------------------------------------------------------------------------------------------------------------------------------------------------------------------------------------------------------------------------------------------------------------------------------------------------------------------------------------------------------------------------------------------------+--------------------+
| id | scheme_name    | open_date           | state     | implementing_agency                                   | category                 
                                        | subcategory                                                 | tags                               
                                         | brief_description                                                                               
                                                                                                                                           
                                                           | detailed_description                                                          
                                                                                                                                           
                                                                                                                                           
                                                                                                                                           
                                                                                                                                           
                                                                                                                                           
                                                                                                                                           
                                                                                                                 | benefits                
                                                                                                                                           
                                                                                                                                           
                                                                                                                                           
                                                                                                                                           
                                                                                                                                           
                                                                                                                                           
                                                                                                                                           
                            | exclusions                                                                                                   
                                                                      | eligibility_criteria                                               
                                                                                                                                           
                                                                                                                                           
                                                                                                                                           
                                                                                                                                           
                                                                                                                                           
                                                                                                                                           
               | application_process                                                                                                       
                                                                                                                                           
                                                                                                                                           
                                                                                        | documents_required |
+----+----------------+---------------------+-----------+-------------------------------------------------------+------------------------------------------------------------------+-------------------------------------------------------------+-----------------------------------------------------------------------------+-------------------------------------------------------------------------------------------------------------------------------------------------------------------------------------------------------------------------------------------------------------------------------------------------------+----------------------------------------------------------------------------------------------------------------------------------------------------------------------------------------------------------------------------------------------------------------------------------------------------------------------------------------------------------------------------------------------------------------------------------------------------------------------------------------------------------------------------------------------------------------------------------------------------------------------------------------------------------------------------------------------------------------------------------------------------------------------------------------------------------------------------------------------------------------------------------------------------------------------------------------------------------------------------------------------------------------------------------------------------------------------------------------------------------------------------------------------------------------------------------------------------------------------------------------------------------------------------------------------------------------------------------------------------------------------------------------------------------------------------------------------------------------------------------------------------------------------------------------------------------------------------------------------------------------------------------------------------------------------------------------------------------------------------------------------------------------------------------------------------------------------------------------------------------------------------------------------------------------------------------------------------------------------------------------------------------------------------------------------------------------------------------------------------------------------------------------------------------------------------------------------------------------------------------------------------------------------------------------------------------------------------------------------------------------------------------------------------------------------------------------------------------------------------------------------------------------------------------------------------------------------------------------------------------------------------------------------------------------------------------------------------------+-------------------------------------------------------------------------------------------------------------------------------------------------------------------------------------------------------------------------------------------------------------------------------------------------------------------------------------------------------------------------------------------------------------------------------------------------------------------------------------------------------------------------------------------------------------------------------------------------------------------------------------------------------------------------------------------------------------------------------------------------------------------------------------------------------------------------------------------------------------------------------------------------------------------------------------------------------------------------------------------------------------------------------------------------------------------------------------------------------------------------------------------------------------------------------------------------------------------------------------------------+------------------------------------------------------------------------------------------------------------------------------------------------------------------------------------+-----------------------------------------------------------------------------------------------------------------------------------------------------------------------------------------------------------------------------------------------------------------------------------------------------------------------------------------------------------------------------------------------------------------------------------------------------------------------------------------------------------------------------------------------------------------------------------------------------------------------------------------------------------------------------------------------------------------------------------------------------------------------------------------------------------------------------------------------------------------------------------------------------------------------------------------------------+---------------------------------------------------------------------------------------------------------------------------------------------------------------------------------------------------------------------------------------------------------------------------------------------------------------------------------------------------------------------------------------------------------------------------------------------------------------------------------------------------------+--------------------+
|  1 | Arogya Lakshmi | 2015-01-01 00:00:00 | Telangana | Commissionerate Of Women Development & Child Welfare. | Health & Wellness, Social welfare & Empowerment, Women and Child | Children health and immunization, Free Meal, Pregnancy care | Anganwadi Centers, Arogya Lakshmi, Children, Lactating Women, Pregnat Women | ArogyaLaxmi is a program launched by the government of Telangana, a state in southern India, aimed at improving maternal and child health in the state. The program is designed to provide financial assistance to pregnant women and lactating mothers from economically weaker sections of society. | Telangana government provides one nutritious meal every day to pregnant and lactating women and children below the age of six through Anganwadi centers. The scheme was launched officially on January 1, 2015. This program under the Women Development and Child Welfare Department of Telangana
The Government of Telangana has launched Arogya Lakshmi Scheme. Through this scheme, pregnant and lactating women are provided one full meal at the Anganwadi center along with iron and folic acid tablets. Spot feeding of the meal is ensured through this scheme. The Government of Telangana launched this scheme on 1st January 2015. This scheme will be implemented through 31897 main Anganwadi centers and 4076 mini Anganwadi centers in the state.
The program aims to reduce maternal and infant mortality rates in Telangana by providing support to women who would otherwise be unable to access quality healthcare services. The government hopes that this program will encourage more women to seek out prenatal and postnatal care, and ultimately lead to better health outcomes for mothers and children in the state.
One full meal will consist of rice, dal with leafy vegetables/sambhar, vegetables for a minimum of 25 days, boiled egg, and 200 ml milk for 30 days in a month.
For the women, 200 ml of milk for 25 days a month and one egg each day will be given with meal . Children, aged between seven months and three years are provided with 16 eggs a month in addition to a 2.5 kg food packet. For children aged between 3 and six years, one egg a day in addition to rice, dal, vegetables, and snacks is supplied.
A total 18,96,844 lactating mothers, 5,18,215 infants, and 21,58,479 pregnant women were covered under the scheme expending Rs 627.96 crore in the past year. The quantity of food items supplied under the scheme has also been increased across all the categories.
Objectives of “Arogya Laxmi programme��_x009d_
•       Enhance the quality and acceptability of supplementary nutrition by the Pregnant and Lactating women
•       Ensure food supplied is consumed by only the Pregnant and Lactating women rather than the whole family
•       Ensure that Pregnant and Lactating women consume 90+ IFA tablets.
•       Improve the enrolment of mothers at AnganwadiCenters (AWCs).
•       Eliminate or decrease the number of Pregnant and Lactating women with anemia/ who are undernourished.
•       Reduce the incidence of low birth babies and malnutrition among children.
•       Ensure that Pregnant and Lactating women receive health checkups and immunization.
•       Reduce the incidence of infant mortality and maternal mortality. | For children between 7 months to 3 years, 16 eggs per month along with 2.5 Kg Balamrutham will be provided Balamrutham��_x009d_ is the weaning food introduced under ICDS to provide improved supplementary nutrition to children between 7 months to 3 years. The weaning food is a preparation of wheat, chana dal, milk powder, oil, and sugar. It is fortified and thus provides 50% of iron, calcium, vitamins, and other RDA that children require per day. The composition and nutritive values of Balamrutham are indicated in Table-I and II respectively.
The recommended quantity is 100 gms which is to be given to children 3-5 times every day. For children below one year, Balamrutham can be served as porridge mixed with hot water, and for older children, it can be given in the form of “Laddu��_x009d_.
For children aged between 3 and six years, one egg a day in addition to rice, dal, vegetables, and snacks is supplied.
Pregnant and lactating women are provided one full meal at the Anganwadi centre along with iron and folic acid tablets
1 full meal will consist of rice, dal with leafy vegetables/sambar, and vegetables for a minimum of 25 days. Boiled eggs and 200 ml milk for 30 days in a month. | 1.      Nonpregnant/not lactic women are not allowed to apply to the scheme.
2.      Children more than 6 years also not eligible under this scheme.
3.      Men are not eligible for this scheme | The eligibility criteria for the Arogya Lakshmi program in Telangana, India, may vary depending on the specific details of the program and the year in which it is implemented. However, some general eligibility criteria for the program are:
Residency: The pregnant woman or the family with a newborn must be a resident of Telangana.
Pregnancy: The pregnant woman must be in her first or second trimester of pregnancy to be eligible for the program.
Delivery: The delivery must take place at a designated healthcare facility or with the assistance of a qualified healthcare provider.      
It's important to note that these are just some of the general eligibility criteria for the Arogya Lakshmi program, and that specific details and criteria may change from year to year. It's always best to check with the relevant government agencies or healthcare providers for the most up-to-date information on eligibility criteria. | Applicant can apply through the nearest Anganwadi centeres
Procedure To Apply Under Arogya Lakshmi Scheme Through Anganwadi Centre
•       Go to your nearest Anganwadi centre
---------------------+------------------------------------------------------------------------------------------------------------------------------------------------------------------------------------------------------------------------------------------------------------------------------------------------------------------------------------------------------------------------------------------------------------------------------------------------------------------------------------------------------+------------------------------------------------------------------------------------------------------------------------------------------------------------------------------------------------------------------------------------------------------------------------------------------------------------------------------------------------------------------------------------------------------------------------------------------------------------------------------------------------------+-------------------------------------------------------------------------------------------------------------------------------------------------------------------------------------------------------------------------------------------------------------------------------------------------------------------------------------------------------------------------------------------------------------------------------------------------------------------------------------------------------------------------------------------------------------------------------------------------------------------------------------------------------------------------------------------------------------------------------------------------------------------------------------------------------------------------------------------------------------------------------------------------------------------------------------------------------------------------------------------------------------------------------------------------------------------------------------------------------------------------------------------------------------------------------------------------------------------------------------------------+------------------------------------------------------------------------------------------------------------------------------------------------------------------------------------+------------------------------------+-------------------------------------------------------------------------------------------------------------------------------------------------------------------------------------------------------------------------------------------------------------------------------------------------------------------------------------------------------------------------------------------------------------------------------------------------------------------------------------------------------------------------------------------------------------------------------------------------------------------------------------------------------------------------------------------------------------------------------------------------------------------------------------------------------------------------------------------------------------------------------------------------------------------------------------------------------------------------------------------------------------------------------------------------------------------------------------------------------------------------------------------------------------------------------------------------------------------------------------------------+------------------------------------------------------------------------------------------------------------------------------------------------------------------------------------+--------------------------------------------------------------------------------------------------------------------------------------------------------------------------------------------------------------------+-----------------------------------------------------------------------------------------------------------------------------------------------------------------------------------------------------------------------------------------------------------------------------------------------------------------------------------------------------------------------------------------------------------------------------------------------------------------------------------------------------------------------------------------------------------------------------------------------------------------------------------------------------------------------------------------------------------------------------------------------------------------------------------------------------------------------------------------------------------------------------------------------------------------------------------------------+-----------------------------------------------------------------------------------------------------------------------------------------------------------------------------------------------------------------------------------------------------------------------------------------------------------------------------------------------------------------------------------------------------------------------------------------------------------------------------------------------------------------------------------------------------------------------------------------------------------------------------------------------------------------------------------------------------------------------------------------------------------------------------------------------------------------------------------------------------------------------------------------------------------------------------------------------------------------------------------------------------------------------------------------------------------------------------------------------------------------------------------------------------------------------------------------------------------------------------------------------------------------------------------------------------------------------------------------------------------------------------------------------------------------------------------------------------------------------------------------------------------------------------------------------------------------------------------------------------------------------------------------------------+------------------------------------------------------------------------------------------------------------------------------------------------------------------------------------+-----------------------------------------------------------------------------------------------------------------------------------------------------------------------------------------------------------------------------------------------------------------------------------------------------------------------------------------------------------------------------------------------------------------------------------------------------------------------------------------------------------------------------------------------------------------------------------------------------------------------------------------------------------------------------------------------------------------------------------------------------------------------------------------------------------------------------------------------------------------------------------------------------------------------------------------------------+---------------------------------------------------------------------------------------------------------------------------------------------------------------------------------------------------------------------------------------------------------------------------------------------------------------------------------------------------------------------------------------------------------------------------------------------------------------------------------------------------------+--------------------+
1 row in set (0.01 sec)

mysql>





